// Jest Snapshot v1, https://goo.gl/fbAQLP

exports[`createSubmission 1`] = `
Object {
  "bounty": Object {
    "bounty_type": "ongoing",
    "code": "apitest-6dy5n",
    "custom_field_labels": Array [],
    "name": "api_test",
  },
  "bounty_brief_id": 14829,
  "bounty_code": "apitest-6dy5n",
  "bug_url": "https://login-igr.tagesanzeiger.ch/_next/static/chunks/commons.5459f0bd41ac674979bc.js.map",
  "caption": "JavaScript webpack sourcemap disclosure",
  "description_markdown": "Are you aware of that this file exists? This file may contain sensitive information.",
  "source": "api",
  "submitted_at": "2020-08-16T01:52:49.796Z",
  "substate": "unresolved",
  "title": "JavaScript webpack sourcemap disclosure",
  "uuid": "ac0ca949-4c0c-409e-8162-test",
}
`;

exports[`getBounties 1`] = `
Object {
  "bounty_type": "ongoing",
  "code": "apitest-6dy5n",
  "description_markdown": "Our company recognizes the importance of security, privacy and community, and values the input of hackers acting in good-faith to help us maintain a high standard for our users. This includes encouraging responsible vulnerability research and the disclosure of security vulnerabilities. ",
  "name": "api_test",
  "organization": Object {
    "name": "TX Group",
    "uuid": "7d844c76-6444-4b01-aecc-test",
  },
  "tagline": "Bug Bounty Program - Powered by Bugcrowd",
  "targets_overview_markdown": "Testing is only authorized on the targets listed as In-Scope. _Any domain/property of {company} not listed in the targets section is out of scope. This includes any/all subdomains not listed above._ If you believe you've identified a vulnerability on a system outside the scope, please reach out to support@bugcrowd.com before submitting. ----- ##Access: ###Credentials: ##Focus Areas: - one - two ----- ##Out-of-Scope - one - two ------ ##Safe Harbor: **When conducting vulnerability research according to this policy, we consider this research to be:** - Authorized in accordance with the Computer Fraud and Abuse Act (CFAA) (and/or similar state laws), and we will not initiate or support legal action against you for accidental, good faith violations of this policy; - Exempt from the Digital Millennium Copyright Act (DMCA), and we will not bring a claim against you for circumvention of technology controls; - Exempt from restrictions in our Terms & Conditions that would interfere with conducting security research, and we waive those restrictions on a limited basis for work done under this policy; and - Lawful, helpful to the overall security of the Internet, and conducted in good faith. - You are expected, as always, to comply with all applicable laws. _If at any time you have concerns or are uncertain whether your security research is consistent with this policy, please inquire via support@bugcrowd.com before going any further._ ",
  "uuid": "357a81ca-92b7-4b60-9548-test",
}
`;

exports[`getBounties error 1`] = `"Something went wrong!!!"`;

exports[`getFindings 1`] = `
Object {
  "definition": Object {
    "description": "Are you aware of that this file exists? This file may contain sensitive information.",
    "uuid": "d36ce0b7-9540-4cba-97c3-test",
  },
  "found_at": "https://login-igr.tagesanzeiger.ch/_next/static/chunks/commons.5459f0bd41ac674979bc.js.map",
  "report_token": "11ed472293aa5c466adc6afa3b0etest",
  "scan_profile_token": "36df7ce57023ca2fa70716test",
  "score": Array [
    Object {
      "score": 3.3,
      "vector": "AV:N/AC:L/Au:N/C:P/I:N/A:N/E:U/RL:OF/RC:UC",
      "version": "2.0",
    },
  ],
  "signature": "ca0f490a28802de0b1ef231816test",
  "timestamp": "2020-08-16T01:48:47Z",
  "title": "JavaScript webpack sourcemap disclosure",
  "url": "https://detectify.com/report/36df7ce57023ca2fa707160test/11ed472293aa5c466adc6afa3b0e7test/e26b149d-a124-44a6-a6c0-testS/",
  "uuid": "e26b149d-a124-44a6-a6c0-test",
}
`;

exports[`getFindings with error 1`] = `
Object {
  "code": 4051,
  "message": "Finding UUID is malformed",
  "more_info": "https://developer.detectify.com/#error-4051",
  "parameters": Array [
    "e5cf6af0-ceb5-4872-b823-110d5e89af80a",
  ],
}
`;
